// Jest Snapshot v1, https://goo.gl/fbAQLP

exports[`Componente de transação do extrato O Snapshot do componente deve permanecer sempre o mesmo 1`] = `
<div
  class="transacao-container"
>
  <p>
    23/02/2022
  </p>
  <p>
    saque
  </p>
  <p>
    R$ 
    150.00
  </p>
</div>
`;
